[2021-02-04T11:13:55.648-0200][gc,heap] Heap region size: 1M
[2021-02-04T11:13:55.657-0200][gc     ] Using G1
[2021-02-04T11:13:55.657-0200][gc,heap,coops] Heap address: 0x00000007c0000000, size: 1024 MB, Compressed Oops mode: Zero based, Oop shift amount: 3
[2021-02-04T11:13:56.777-0200][gc,start     ] GC(0) Pause Young (Concurrent Start) (Metadata GC Threshold)
[2021-02-04T11:13:56.778-0200][gc,task      ] GC(0) Using 10 workers of 10 for evacuation
[2021-02-04T11:13:56.786-0200][gc,phases    ] GC(0)   Pre Evacuate Collection Set: 0.0ms
[2021-02-04T11:13:56.786-0200][gc,phases    ] GC(0)   Evacuate Collection Set: 7.0ms
[2021-02-04T11:13:56.786-0200][gc,phases    ] GC(0)   Post Evacuate Collection Set: 0.3ms
[2021-02-04T11:13:56.786-0200][gc,phases    ] GC(0)   Other: 0.7ms
[2021-02-04T11:13:56.786-0200][gc,heap      ] GC(0) Eden regions: 42->0(44)
[2021-02-04T11:13:56.786-0200][gc,heap      ] GC(0) Survivor regions: 0->7(7)
[2021-02-04T11:13:56.786-0200][gc,heap      ] GC(0) Old regions: 0->0
[2021-02-04T11:13:56.786-0200][gc,heap      ] GC(0) Humongous regions: 0->0
[2021-02-04T11:13:56.786-0200][gc,metaspace ] GC(0) Metaspace: 20604K->20604K(1069056K)
[2021-02-04T11:13:56.786-0200][gc           ] GC(0) Pause Young (Concurrent Start) (Metadata GC Threshold) 41M->6M(1024M) 8.193ms
[2021-02-04T11:13:56.786-0200][gc,cpu       ] GC(0) User=0.01s Sys=0.01s Real=0.01s
[2021-02-04T11:13:56.786-0200][gc           ] GC(1) Concurrent Cycle
[2021-02-04T11:13:56.786-0200][gc,marking   ] GC(1) Concurrent Clear Claimed Marks
[2021-02-04T11:13:56.786-0200][gc,marking   ] GC(1) Concurrent Clear Claimed Marks 0.021ms
[2021-02-04T11:13:56.786-0200][gc,marking   ] GC(1) Concurrent Scan Root Regions
[2021-02-04T11:13:56.787-0200][gc,marking   ] GC(1) Concurrent Scan Root Regions 1.439ms
[2021-02-04T11:13:56.787-0200][gc,marking   ] GC(1) Concurrent Mark (1.149s)
[2021-02-04T11:13:56.787-0200][gc,marking   ] GC(1) Concurrent Mark From Roots
[2021-02-04T11:13:56.787-0200][gc,task      ] GC(1) Using 3 workers of 3 for marking
[2021-02-04T11:13:56.787-0200][gc,marking   ] GC(1) Concurrent Mark From Roots 0.171ms
[2021-02-04T11:13:56.788-0200][gc,marking   ] GC(1) Concurrent Preclean
[2021-02-04T11:13:56.788-0200][gc,marking   ] GC(1) Concurrent Preclean 0.040ms
[2021-02-04T11:13:56.788-0200][gc,marking   ] GC(1) Concurrent Mark (1.149s, 1.149s) 0.270ms
[2021-02-04T11:13:56.788-0200][gc,start     ] GC(1) Pause Remark
[2021-02-04T11:13:56.789-0200][gc,stringtable] GC(1) Cleaned string and symbol table, strings: 7389 processed, 0 removed, symbols: 63084 processed, 31 removed
[2021-02-04T11:13:56.789-0200][gc            ] GC(1) Pause Remark 7M->7M(1024M) 1.212ms
[2021-02-04T11:13:56.789-0200][gc,cpu        ] GC(1) User=0.01s Sys=0.00s Real=0.00s
[2021-02-04T11:13:56.789-0200][gc,marking    ] GC(1) Concurrent Rebuild Remembered Sets
[2021-02-04T11:13:56.789-0200][gc,marking    ] GC(1) Concurrent Rebuild Remembered Sets 0.088ms
[2021-02-04T11:13:56.789-0200][gc,start      ] GC(1) Pause Cleanup
[2021-02-04T11:13:56.789-0200][gc            ] GC(1) Pause Cleanup 7M->7M(1024M) 0.120ms
[2021-02-04T11:13:56.789-0200][gc,cpu        ] GC(1) User=0.00s Sys=0.00s Real=0.00s
[2021-02-04T11:13:56.789-0200][gc,marking    ] GC(1) Concurrent Cleanup for Next Mark
[2021-02-04T11:13:56.795-0200][gc,marking    ] GC(1) Concurrent Cleanup for Next Mark 5.456ms
[2021-02-04T11:13:56.795-0200][gc            ] GC(1) Concurrent Cycle 9.144ms
[2021-02-04T11:13:58.366-0200][gc,start      ] GC(2) Pause Young (Normal) (G1 Evacuation Pause)
[2021-02-04T11:13:58.366-0200][gc,task       ] GC(2) Using 10 workers of 10 for evacuation
[2021-02-04T11:13:58.372-0200][gc,phases     ] GC(2)   Pre Evacuate Collection Set: 0.0ms
[2021-02-04T11:13:58.372-0200][gc,phases     ] GC(2)   Evacuate Collection Set: 5.6ms
[2021-02-04T11:13:58.372-0200][gc,phases     ] GC(2)   Post Evacuate Collection Set: 0.3ms
[2021-02-04T11:13:58.372-0200][gc,phases     ] GC(2)   Other: 0.1ms
[2021-02-04T11:13:58.372-0200][gc,heap       ] GC(2) Eden regions: 44->0(48)
[2021-02-04T11:13:58.372-0200][gc,heap       ] GC(2) Survivor regions: 7->3(7)
[2021-02-04T11:13:58.373-0200][gc,heap       ] GC(2) Old regions: 0->7
[2021-02-04T11:13:58.373-0200][gc,heap       ] GC(2) Humongous regions: 129->129
[2021-02-04T11:13:58.373-0200][gc,metaspace  ] GC(2) Metaspace: 30035K->30035K(1077248K)
[2021-02-04T11:13:58.373-0200][gc            ] GC(2) Pause Young (Normal) (G1 Evacuation Pause) 179M->137M(1024M) 6.253ms
[2021-02-04T11:13:58.373-0200][gc,cpu        ] GC(2) User=0.04s Sys=0.01s Real=0.01s
[2021-02-04T11:13:58.690-0200][gc,start      ] GC(3) Pause Young (Concurrent Start) (Metadata GC Threshold)
[2021-02-04T11:13:58.690-0200][gc,task       ] GC(3) Using 10 workers of 10 for evacuation
[2021-02-04T11:13:58.694-0200][gc,phases     ] GC(3)   Pre Evacuate Collection Set: 0.1ms
[2021-02-04T11:13:58.694-0200][gc,phases     ] GC(3)   Evacuate Collection Set: 3.6ms
[2021-02-04T11:13:58.694-0200][gc,phases     ] GC(3)   Post Evacuate Collection Set: 0.2ms
[2021-02-04T11:13:58.694-0200][gc,phases     ] GC(3)   Other: 0.2ms
[2021-02-04T11:13:58.694-0200][gc,heap       ] GC(3) Eden regions: 24->0(47)
[2021-02-04T11:13:58.694-0200][gc,heap       ] GC(3) Survivor regions: 3->4(7)
[2021-02-04T11:13:58.694-0200][gc,heap       ] GC(3) Old regions: 7->7
[2021-02-04T11:13:58.694-0200][gc,heap       ] GC(3) Humongous regions: 129->129
[2021-02-04T11:13:58.694-0200][gc,metaspace  ] GC(3) Metaspace: 34724K->34724K(1081344K)
[2021-02-04T11:13:58.694-0200][gc            ] GC(3) Pause Young (Concurrent Start) (Metadata GC Threshold) 161M->139M(1024M) 4.252ms
[2021-02-04T11:13:58.694-0200][gc,cpu        ] GC(3) User=0.02s Sys=0.00s Real=0.00s
[2021-02-04T11:13:58.694-0200][gc            ] GC(4) Concurrent Cycle
[2021-02-04T11:13:58.694-0200][gc,marking    ] GC(4) Concurrent Clear Claimed Marks
[2021-02-04T11:13:58.694-0200][gc,marking    ] GC(4) Concurrent Clear Claimed Marks 0.033ms
[2021-02-04T11:13:58.694-0200][gc,marking    ] GC(4) Concurrent Scan Root Regions
[2021-02-04T11:13:58.696-0200][gc,marking    ] GC(4) Concurrent Scan Root Regions 1.510ms
[2021-02-04T11:13:58.696-0200][gc,marking    ] GC(4) Concurrent Mark (3.057s)
[2021-02-04T11:13:58.696-0200][gc,marking    ] GC(4) Concurrent Mark From Roots
[2021-02-04T11:13:58.696-0200][gc,task       ] GC(4) Using 3 workers of 3 for marking
[2021-02-04T11:13:58.700-0200][gc,marking    ] GC(4) Concurrent Mark From Roots 3.529ms
[2021-02-04T11:13:58.700-0200][gc,marking    ] GC(4) Concurrent Preclean
[2021-02-04T11:13:58.700-0200][gc,marking    ] GC(4) Concurrent Preclean 0.073ms
[2021-02-04T11:13:58.700-0200][gc,marking    ] GC(4) Concurrent Mark (3.057s, 3.061s) 3.668ms
[2021-02-04T11:13:58.700-0200][gc,start      ] GC(4) Pause Remark
[2021-02-04T11:13:58.702-0200][gc,stringtable] GC(4) Cleaned string and symbol table, strings: 11550 processed, 7 removed, symbols: 94373 processed, 22 removed
[2021-02-04T11:13:58.702-0200][gc            ] GC(4) Pause Remark 139M->139M(1024M) 1.856ms
[2021-02-04T11:13:58.702-0200][gc,cpu        ] GC(4) User=0.01s Sys=0.00s Real=0.00s
[2021-02-04T11:13:58.702-0200][gc,marking    ] GC(4) Concurrent Rebuild Remembered Sets
[2021-02-04T11:13:58.704-0200][gc,marking    ] GC(4) Concurrent Rebuild Remembered Sets 1.794ms
[2021-02-04T11:13:58.704-0200][gc,start      ] GC(4) Pause Cleanup
[2021-02-04T11:13:58.704-0200][gc            ] GC(4) Pause Cleanup 139M->139M(1024M) 0.148ms
[2021-02-04T11:13:58.704-0200][gc,cpu        ] GC(4) User=0.00s Sys=0.00s Real=0.00s
[2021-02-04T11:13:58.704-0200][gc,marking    ] GC(4) Concurrent Cleanup for Next Mark
[2021-02-04T11:13:58.712-0200][gc,marking    ] GC(4) Concurrent Cleanup for Next Mark 8.383ms
[2021-02-04T11:13:58.712-0200][gc            ] GC(4) Concurrent Cycle 18.138ms
[2021-02-04T11:15:14.909-0200][gc,start      ] GC(5) Pause Young (Normal) (G1 Evacuation Pause)
[2021-02-04T11:15:14.909-0200][gc,task       ] GC(5) Using 10 workers of 10 for evacuation
[2021-02-04T11:15:14.924-0200][gc,phases     ] GC(5)   Pre Evacuate Collection Set: 0.8ms
[2021-02-04T11:15:14.924-0200][gc,phases     ] GC(5)   Evacuate Collection Set: 13.1ms
[2021-02-04T11:15:14.924-0200][gc,phases     ] GC(5)   Post Evacuate Collection Set: 0.5ms
[2021-02-04T11:15:14.924-0200][gc,phases     ] GC(5)   Other: 0.3ms
[2021-02-04T11:15:14.924-0200][gc,heap       ] GC(5) Eden regions: 47->0(46)
[2021-02-04T11:15:14.924-0200][gc,heap       ] GC(5) Survivor regions: 4->5(7)
[2021-02-04T11:15:14.924-0200][gc,heap       ] GC(5) Old regions: 7->9
[2021-02-04T11:15:14.924-0200][gc,heap       ] GC(5) Humongous regions: 129->129
[2021-02-04T11:15:14.924-0200][gc,metaspace  ] GC(5) Metaspace: 44840K->44840K(1089536K)
[2021-02-04T11:15:14.924-0200][gc            ] GC(5) Pause Young (Normal) (G1 Evacuation Pause) 186M->142M(1024M) 14.778ms
[2021-02-04T11:15:14.924-0200][gc,cpu        ] GC(5) User=0.05s Sys=0.06s Real=0.02s
[2021-02-04T11:20:47.950-0200][gc,start      ] GC(6) Pause Young (Normal) (G1 Evacuation Pause)
[2021-02-04T11:20:47.950-0200][gc,task       ] GC(6) Using 10 workers of 10 for evacuation
[2021-02-04T11:20:48.022-0200][gc,mmu        ] GC(6) MMU target violated: 21.0ms (20.0ms/21.0ms)
[2021-02-04T11:20:48.022-0200][gc,phases     ] GC(6)   Pre Evacuate Collection Set: 1.5ms
[2021-02-04T11:20:48.022-0200][gc,phases     ] GC(6)   Evacuate Collection Set: 68.8ms
[2021-02-04T11:20:48.022-0200][gc,phases     ] GC(6)   Post Evacuate Collection Set: 0.8ms
[2021-02-04T11:20:48.022-0200][gc,phases     ] GC(6)   Other: 1.2ms
[2021-02-04T11:20:48.022-0200][gc,heap       ] GC(6) Eden regions: 46->0(45)
[2021-02-04T11:20:48.022-0200][gc,heap       ] GC(6) Survivor regions: 5->6(7)
[2021-02-04T11:20:48.022-0200][gc,heap       ] GC(6) Old regions: 9->10
[2021-02-04T11:20:48.022-0200][gc,heap       ] GC(6) Humongous regions: 129->129
[2021-02-04T11:20:48.022-0200][gc,metaspace  ] GC(6) Metaspace: 48676K->48676K(1093632K)
[2021-02-04T11:20:48.022-0200][gc            ] GC(6) Pause Young (Normal) (G1 Evacuation Pause) 188M->144M(1024M) 72.367ms
[2021-02-04T11:20:48.022-0200][gc,cpu        ] GC(6) User=0.11s Sys=0.26s Real=0.07s
[2021-02-04T11:24:54.904-0200][gc,start      ] GC(7) Pause Young (Normal) (G1 Evacuation Pause)
[2021-02-04T11:24:54.904-0200][gc,task       ] GC(7) Using 10 workers of 10 for evacuation
[2021-02-04T11:24:54.912-0200][gc,phases     ] GC(7)   Pre Evacuate Collection Set: 0.0ms
[2021-02-04T11:24:54.912-0200][gc,phases     ] GC(7)   Evacuate Collection Set: 7.0ms
[2021-02-04T11:24:54.912-0200][gc,phases     ] GC(7)   Post Evacuate Collection Set: 0.5ms
[2021-02-04T11:24:54.912-0200][gc,phases     ] GC(7)   Other: 0.3ms
[2021-02-04T11:24:54.912-0200][gc,heap       ] GC(7) Eden regions: 45->0(47)
[2021-02-04T11:24:54.912-0200][gc,heap       ] GC(7) Survivor regions: 6->4(7)
[2021-02-04T11:24:54.912-0200][gc,heap       ] GC(7) Old regions: 10->13
[2021-02-04T11:24:54.912-0200][gc,heap       ] GC(7) Humongous regions: 129->129
[2021-02-04T11:24:54.912-0200][gc,metaspace  ] GC(7) Metaspace: 49326K->49326K(1093632K)
[2021-02-04T11:24:54.912-0200][gc            ] GC(7) Pause Young (Normal) (G1 Evacuation Pause) 189M->145M(1024M) 7.983ms
[2021-02-04T11:24:54.912-0200][gc,cpu        ] GC(7) User=0.05s Sys=0.01s Real=0.01s
[2021-02-04T11:39:28.173-0200][gc,start      ] GC(8) Pause Young (Normal) (G1 Evacuation Pause)
[2021-02-04T11:39:28.173-0200][gc,task       ] GC(8) Using 10 workers of 10 for evacuation
[2021-02-04T11:39:28.189-0200][gc,phases     ] GC(8)   Pre Evacuate Collection Set: 1.8ms
[2021-02-04T11:39:28.189-0200][gc,phases     ] GC(8)   Evacuate Collection Set: 13.3ms
[2021-02-04T11:39:28.189-0200][gc,phases     ] GC(8)   Post Evacuate Collection Set: 0.4ms
[2021-02-04T11:39:28.189-0200][gc,phases     ] GC(8)   Other: 0.5ms
[2021-02-04T11:39:28.189-0200][gc,heap       ] GC(8) Eden regions: 47->0(47)
[2021-02-04T11:39:28.189-0200][gc,heap       ] GC(8) Survivor regions: 4->4(7)
[2021-02-04T11:39:28.189-0200][gc,heap       ] GC(8) Old regions: 13->15
[2021-02-04T11:39:28.189-0200][gc,heap       ] GC(8) Humongous regions: 129->129
[2021-02-04T11:39:28.189-0200][gc,metaspace  ] GC(8) Metaspace: 49473K->49473K(1093632K)
[2021-02-04T11:39:28.189-0200][gc            ] GC(8) Pause Young (Normal) (G1 Evacuation Pause) 192M->147M(1024M) 16.033ms
[2021-02-04T11:39:28.189-0200][gc,cpu        ] GC(8) User=0.03s Sys=0.05s Real=0.01s
[2021-02-04T11:54:42.494-0200][gc,start      ] GC(9) Pause Young (Normal) (G1 Evacuation Pause)
[2021-02-04T11:54:42.495-0200][gc,task       ] GC(9) Using 10 workers of 10 for evacuation
[2021-02-04T11:54:42.513-0200][gc,phases     ] GC(9)   Pre Evacuate Collection Set: 1.8ms
[2021-02-04T11:54:42.513-0200][gc,phases     ] GC(9)   Evacuate Collection Set: 14.8ms
[2021-02-04T11:54:42.513-0200][gc,phases     ] GC(9)   Post Evacuate Collection Set: 0.4ms
[2021-02-04T11:54:42.513-0200][gc,phases     ] GC(9)   Other: 1.5ms
[2021-02-04T11:54:42.513-0200][gc,heap       ] GC(9) Eden regions: 47->0(47)
[2021-02-04T11:54:42.513-0200][gc,heap       ] GC(9) Survivor regions: 4->4(7)
[2021-02-04T11:54:42.513-0200][gc,heap       ] GC(9) Old regions: 15->15
[2021-02-04T11:54:42.513-0200][gc,heap       ] GC(9) Humongous regions: 129->129
[2021-02-04T11:54:42.513-0200][gc,metaspace  ] GC(9) Metaspace: 49529K->49529K(1093632K)
[2021-02-04T11:54:42.513-0200][gc            ] GC(9) Pause Young (Normal) (G1 Evacuation Pause) 194M->147M(1024M) 18.605ms
[2021-02-04T11:54:42.513-0200][gc,cpu        ] GC(9) User=0.03s Sys=0.06s Real=0.02s
[2021-02-04T11:59:40.459-0200][gc,start      ] GC(10) Pause Young (Normal) (G1 Evacuation Pause)
[2021-02-04T11:59:40.460-0200][gc,task       ] GC(10) Using 10 workers of 10 for evacuation
[2021-02-04T11:59:40.468-0200][gc,phases     ] GC(10)   Pre Evacuate Collection Set: 0.0ms
[2021-02-04T11:59:40.468-0200][gc,phases     ] GC(10)   Evacuate Collection Set: 8.4ms
[2021-02-04T11:59:40.468-0200][gc,phases     ] GC(10)   Post Evacuate Collection Set: 0.2ms
[2021-02-04T11:59:40.468-0200][gc,phases     ] GC(10)   Other: 0.6ms
[2021-02-04T11:59:40.468-0200][gc,heap       ] GC(10) Eden regions: 47->0(47)
[2021-02-04T11:59:40.468-0200][gc,heap       ] GC(10) Survivor regions: 4->4(7)
[2021-02-04T11:59:40.468-0200][gc,heap       ] GC(10) Old regions: 15->15
[2021-02-04T11:59:40.468-0200][gc,heap       ] GC(10) Humongous regions: 129->129
[2021-02-04T11:59:40.468-0200][gc,metaspace  ] GC(10) Metaspace: 49568K->49568K(1095680K)
[2021-02-04T11:59:40.469-0200][gc            ] GC(10) Pause Young (Normal) (G1 Evacuation Pause) 194M->147M(1024M) 9.410ms
[2021-02-04T11:59:40.469-0200][gc,cpu        ] GC(10) User=0.03s Sys=0.01s Real=0.01s
[2021-02-04T12:13:58.889-0200][gc,start      ] GC(11) Pause Young (Normal) (G1 Evacuation Pause)
[2021-02-04T12:13:58.889-0200][gc,task       ] GC(11) Using 10 workers of 10 for evacuation
[2021-02-04T12:13:58.916-0200][gc,mmu        ] GC(11) MMU target violated: 21.0ms (20.0ms/21.0ms)
[2021-02-04T12:13:58.916-0200][gc,phases     ] GC(11)   Pre Evacuate Collection Set: 1.1ms
[2021-02-04T12:13:58.916-0200][gc,phases     ] GC(11)   Evacuate Collection Set: 25.0ms
[2021-02-04T12:13:58.916-0200][gc,phases     ] GC(11)   Post Evacuate Collection Set: 0.4ms
[2021-02-04T12:13:58.917-0200][gc,phases     ] GC(11)   Other: 0.6ms
[2021-02-04T12:13:58.917-0200][gc,heap       ] GC(11) Eden regions: 47->0(46)
[2021-02-04T12:13:58.917-0200][gc,heap       ] GC(11) Survivor regions: 4->5(7)
[2021-02-04T12:13:58.917-0200][gc,heap       ] GC(11) Old regions: 15->15
[2021-02-04T12:13:58.917-0200][gc,heap       ] GC(11) Humongous regions: 129->129
[2021-02-04T12:13:58.917-0200][gc,metaspace  ] GC(11) Metaspace: 49634K->49634K(1095680K)
[2021-02-04T12:13:58.917-0200][gc            ] GC(11) Pause Young (Normal) (G1 Evacuation Pause) 194M->148M(1024M) 27.227ms
[2021-02-04T12:13:58.917-0200][gc,cpu        ] GC(11) User=0.03s Sys=0.09s Real=0.03s
[2021-02-04T12:28:44.927-0200][gc,start      ] GC(12) Pause Young (Normal) (G1 Evacuation Pause)
[2021-02-04T12:28:44.927-0200][gc,task       ] GC(12) Using 10 workers of 10 for evacuation
[2021-02-04T12:28:44.948-0200][gc,mmu        ] GC(12) MMU target violated: 20.5ms (20.0ms/21.0ms)
[2021-02-04T12:28:44.948-0200][gc,phases     ] GC(12)   Pre Evacuate Collection Set: 1.2ms
[2021-02-04T12:28:44.948-0200][gc,phases     ] GC(12)   Evacuate Collection Set: 18.6ms
[2021-02-04T12:28:44.948-0200][gc,phases     ] GC(12)   Post Evacuate Collection Set: 0.3ms
[2021-02-04T12:28:44.948-0200][gc,phases     ] GC(12)   Other: 0.7ms
[2021-02-04T12:28:44.948-0200][gc,heap       ] GC(12) Eden regions: 46->0(46)
[2021-02-04T12:28:44.948-0200][gc,heap       ] GC(12) Survivor regions: 5->5(7)
[2021-02-04T12:28:44.948-0200][gc,heap       ] GC(12) Old regions: 15->16
[2021-02-04T12:28:44.948-0200][gc,heap       ] GC(12) Humongous regions: 129->129
[2021-02-04T12:28:44.948-0200][gc,metaspace  ] GC(12) Metaspace: 49706K->49706K(1095680K)
[2021-02-04T12:28:44.948-0200][gc            ] GC(12) Pause Young (Normal) (G1 Evacuation Pause) 194M->148M(1024M) 20.849ms
[2021-02-04T12:28:44.948-0200][gc,cpu        ] GC(12) User=0.03s Sys=0.09s Real=0.02s
[2021-02-04T12:43:59.678-0200][gc,start      ] GC(13) Pause Young (Normal) (G1 Evacuation Pause)
[2021-02-04T12:43:59.679-0200][gc,task       ] GC(13) Using 10 workers of 10 for evacuation
[2021-02-04T12:43:59.685-0200][gc,phases     ] GC(13)   Pre Evacuate Collection Set: 0.2ms
[2021-02-04T12:43:59.685-0200][gc,phases     ] GC(13)   Evacuate Collection Set: 4.6ms
[2021-02-04T12:43:59.685-0200][gc,phases     ] GC(13)   Post Evacuate Collection Set: 0.3ms
[2021-02-04T12:43:59.685-0200][gc,phases     ] GC(13)   Other: 1.6ms
[2021-02-04T12:43:59.685-0200][gc,heap       ] GC(13) Eden regions: 46->0(48)
[2021-02-04T12:43:59.685-0200][gc,heap       ] GC(13) Survivor regions: 5->3(7)
[2021-02-04T12:43:59.685-0200][gc,heap       ] GC(13) Old regions: 16->17
[2021-02-04T12:43:59.685-0200][gc,heap       ] GC(13) Humongous regions: 129->129
[2021-02-04T12:43:59.685-0200][gc,metaspace  ] GC(13) Metaspace: 49719K->49719K(1095680K)
[2021-02-04T12:43:59.685-0200][gc            ] GC(13) Pause Young (Normal) (G1 Evacuation Pause) 194M->148M(1024M) 6.861ms
[2021-02-04T12:43:59.685-0200][gc,cpu        ] GC(13) User=0.04s Sys=0.01s Real=0.01s
[2021-02-04T12:59:53.267-0200][gc,start      ] GC(14) Pause Young (Normal) (G1 Evacuation Pause)
[2021-02-04T12:59:53.267-0200][gc,task       ] GC(14) Using 10 workers of 10 for evacuation
[2021-02-04T12:59:53.283-0200][gc,phases     ] GC(14)   Pre Evacuate Collection Set: 1.1ms
[2021-02-04T12:59:53.283-0200][gc,phases     ] GC(14)   Evacuate Collection Set: 13.6ms
[2021-02-04T12:59:53.283-0200][gc,phases     ] GC(14)   Post Evacuate Collection Set: 0.4ms
[2021-02-04T12:59:53.283-0200][gc,phases     ] GC(14)   Other: 1.0ms
[2021-02-04T12:59:53.283-0200][gc,heap       ] GC(14) Eden regions: 48->0(48)
[2021-02-04T12:59:53.283-0200][gc,heap       ] GC(14) Survivor regions: 3->3(7)
[2021-02-04T12:59:53.283-0200][gc,heap       ] GC(14) Old regions: 17->17
[2021-02-04T12:59:53.283-0200][gc,heap       ] GC(14) Humongous regions: 129->129
[2021-02-04T12:59:53.283-0200][gc,metaspace  ] GC(14) Metaspace: 49764K->49764K(1095680K)
[2021-02-04T12:59:53.283-0200][gc            ] GC(14) Pause Young (Normal) (G1 Evacuation Pause) 196M->148M(1024M) 16.240ms
[2021-02-04T12:59:53.283-0200][gc,cpu        ] GC(14) User=0.02s Sys=0.06s Real=0.02s
[2021-02-04T13:10:54.644-0200][gc,start      ] GC(15) Pause Young (Normal) (G1 Evacuation Pause)
[2021-02-04T13:10:54.644-0200][gc,task       ] GC(15) Using 10 workers of 10 for evacuation
[2021-02-04T13:10:54.673-0200][gc,mmu        ] GC(15) MMU target violated: 21.0ms (20.0ms/21.0ms)
[2021-02-04T13:10:54.674-0200][gc,phases     ] GC(15)   Pre Evacuate Collection Set: 1.6ms
[2021-02-04T13:10:54.674-0200][gc,phases     ] GC(15)   Evacuate Collection Set: 25.8ms
[2021-02-04T13:10:54.674-0200][gc,phases     ] GC(15)   Post Evacuate Collection Set: 1.2ms
[2021-02-04T13:10:54.674-0200][gc,phases     ] GC(15)   Other: 1.0ms
[2021-02-04T13:10:54.674-0200][gc,heap       ] GC(15) Eden regions: 48->0(47)
[2021-02-04T13:10:54.674-0200][gc,heap       ] GC(15) Survivor regions: 3->4(7)
[2021-02-04T13:10:54.674-0200][gc,heap       ] GC(15) Old regions: 17->17
[2021-02-04T13:10:54.674-0200][gc,heap       ] GC(15) Humongous regions: 129->129
[2021-02-04T13:10:54.674-0200][gc,metaspace  ] GC(15) Metaspace: 50099K->50099K(1095680K)
[2021-02-04T13:10:54.674-0200][gc            ] GC(15) Pause Young (Normal) (G1 Evacuation Pause) 196M->149M(1024M) 29.768ms
[2021-02-04T13:10:54.674-0200][gc,cpu        ] GC(15) User=0.05s Sys=0.09s Real=0.03s
[2021-02-04T13:13:26.044-0200][gc,heap,exit  ] Heap
[2021-02-04T13:13:26.044-0200][gc,heap,exit  ]  garbage-first heap   total 1048576K, used 189841K [0x00000007c0000000, 0x0000000800000000)
[2021-02-04T13:13:26.044-0200][gc,heap,exit  ]   region size 1024K, 42 young (43008K), 4 survivors (4096K)
[2021-02-04T13:13:26.044-0200][gc,heap,exit  ]  Metaspace       used 50829K, capacity 53135K, committed 53296K, reserved 1095680K
[2021-02-04T13:13:26.044-0200][gc,heap,exit  ]   class space    used 5924K, capacity 6986K, committed 7040K, reserved 1048576K
