[2021-02-04T11:12:51.410-0200][gc,heap] Heap region size: 1M
[2021-02-04T11:12:51.414-0200][gc     ] Using G1
[2021-02-04T11:12:51.414-0200][gc,heap,coops] Heap address: 0x00000007e0000000, size: 512 MB, Compressed Oops mode: Zero based, Oop shift amount: 3
[2021-02-04T11:13:56.967-0200][gc,start     ] GC(0) Pause Young (Normal) (G1 Evacuation Pause)
[2021-02-04T11:13:56.968-0200][gc,task      ] GC(0) Using 10 workers of 10 for evacuation
[2021-02-04T11:13:56.992-0200][gc,mmu       ] GC(0) MMU target violated: 21.0ms (20.0ms/21.0ms)
[2021-02-04T11:13:56.992-0200][gc,phases    ] GC(0)   Pre Evacuate Collection Set: 0.7ms
[2021-02-04T11:13:56.992-0200][gc,phases    ] GC(0)   Evacuate Collection Set: 22.2ms
[2021-02-04T11:13:56.992-0200][gc,phases    ] GC(0)   Post Evacuate Collection Set: 0.4ms
[2021-02-04T11:13:56.992-0200][gc,phases    ] GC(0)   Other: 1.0ms
[2021-02-04T11:13:56.992-0200][gc,heap      ] GC(0) Eden regions: 25->0(21)
[2021-02-04T11:13:56.992-0200][gc,heap      ] GC(0) Survivor regions: 0->4(4)
[2021-02-04T11:13:56.992-0200][gc,heap      ] GC(0) Old regions: 0->2
[2021-02-04T11:13:56.992-0200][gc,heap      ] GC(0) Humongous regions: 0->0
[2021-02-04T11:13:56.992-0200][gc,metaspace ] GC(0) Metaspace: 15054K->15054K(1062912K)
[2021-02-04T11:13:56.992-0200][gc           ] GC(0) Pause Young (Normal) (G1 Evacuation Pause) 25M->5M(512M) 24.411ms
[2021-02-04T11:13:56.992-0200][gc,cpu       ] GC(0) User=0.03s Sys=0.10s Real=0.03s
[2021-02-04T13:13:22.284-0200][gc,heap,exit ] Heap
[2021-02-04T13:13:22.285-0200][gc,heap,exit ]  garbage-first heap   total 524288K, used 16988K [0x00000007e0000000, 0x0000000800000000)
[2021-02-04T13:13:22.285-0200][gc,heap,exit ]   region size 1024K, 16 young (16384K), 4 survivors (4096K)
[2021-02-04T13:13:22.285-0200][gc,heap,exit ]  Metaspace       used 15992K, capacity 16314K, committed 16640K, reserved 1064960K
[2021-02-04T13:13:22.285-0200][gc,heap,exit ]   class space    used 1582K, capacity 1710K, committed 1792K, reserved 1048576K
